// Jest Snapshot v1, https://goo.gl/fbAQLP

exports[`EnableSurvey component base case 1`] = `
<div
  className="EnableSurvey horizontal"
>
  <div
    className="option horizontal"
  >
    <input
      checked={false}
      id="enableSurvey_enabled"
      name="surveyEnabled"
      onChange={[Function]}
      type="radio"
    />
    <label
      htmlFor="enableSurvey_enabled"
    >
      Enabled
    </label>
  </div>
  <div
    className="option horizontal"
  >
    <input
      checked={true}
      id="enableSurvey_disabled"
      name="surveyDisabled"
      onChange={[Function]}
      type="radio"
    />
    <label
      htmlFor="enableSurvey_disabled"
    >
      Disabled
    </label>
  </div>
</div>
`;
