// Jest Snapshot v1, https://goo.gl/fbAQLP

exports[` 1`] = `
<button
  className="btn iconButton btn-tertiary"
/>
`;

exports[`Button base case 1`] = `
<button
  className="btn iconButton btn-tertiary"
/>
`;

exports[`Button button with props 1`] = `
<button
  className="btn btn-primary"
>
  Hello World!!!
</button>
`;
